// Jest Snapshot v1, https://goo.gl/fbAQLP

exports[`Snapshot test for ExportConfig 1`] = `
<div
  className="MuiContainer-root makeStyles-root-1 MuiContainer-maxWidthSm"
>
  <MockedParametersField />
</div>
`;
