// Jest Snapshot v1, https://goo.gl/fbAQLP

exports[`Snapshot test for ExportDialog 1`] = `
<div
  className="makeStyles-root-1"
>
  <div
    className="makeStyles-confirm-3"
  >
    <MockedConfirmButton
      isDisable={false}
      onClickFunction={[Function]}
      text="確認"
    />
  </div>
  <MockedDialog
    TransitionComponent={
      Object {
        "$$typeof": Symbol(react.forward_ref),
        "render": [Function],
      }
    }
    fullWidth={true}
    keepMounted={true}
    maxWidth="md"
    onClose={[Function]}
    open={false}
  >
    <div
      className="MuiDialogTitle-root makeStyles-title-2"
    >
      <h2
        className="MuiTypography-root MuiTypography-h6"
      >
        プレビュー
      </h2>
    </div>
    <div
      className="MuiDialogContent-root"
    />
    <div
      className="MuiDialogActions-root makeStyles-buttonArea-4 MuiDialogActions-spacing"
    >
      <MockedExportDialogButtons
        handleClose={[Function]}
      />
    </div>
  </MockedDialog>
</div>
`;
