// Jest Snapshot v1, https://goo.gl/fbAQLP

exports[`Snapshot test for Header 1`] = `
<div
  className="makeStyles-root-1"
>
  <header
    className="MuiPaper-root MuiAppBar-root MuiAppBar-positionRelative MuiAppBar-colorPrimary MuiPaper-elevation4"
  >
    <div
      className="MuiToolbar-root MuiToolbar-regular MuiToolbar-gutters"
    />
  </header>
</div>
`;
