// Jest Snapshot v1, https://goo.gl/fbAQLP

exports[`Snapshot test for ParameterDescription 1`] = `
<div
  className="makeStyles-root-1"
>
  <p
    className="MuiTypography-root MuiTypography-body1"
  >
    test
  </p>
  <div>
    test1
  </div>
  <div>
    test2
  </div>
</div>
`;
