// Jest Snapshot v1, https://goo.gl/fbAQLP

exports[`Snapshot test for PreviewDocxTitle 1`] = `
<div
  className="makeStyles-root-1"
>
  退職届
</div>
`;
