// Jest Snapshot v1, https://goo.gl/fbAQLP

exports[`Snapshot test for PreviewDocxBody 1`] = `
<div
  className="makeStyles-root-1"
>
  <div />
  <div />
</div>
`;
