// Jest Snapshot v1, https://goo.gl/fbAQLP

exports[`Snapshot test for PreviewDocxCompany 1`] = `
<div
  className="makeStyles-root-1"
>
  <div>
    株式会社無職 御中
  </div>
  <div>
    （代表取締役 無職社長 様）
  </div>
</div>
`;
