// Jest Snapshot v1, https://goo.gl/fbAQLP

exports[`Snapshot test for DisplayParameters 1`] = `
<div
  className="makeStyles-root-1"
>
  <MockedParameters
    name="退職者"
    value=""
  />
  <MockedParameters
    name="会社名"
    value=""
  />
  <MockedParameters
    name="代表取締役"
    value=""
  />
  <MockedParameters
    name="退職日"
    value="Invalid Date"
  />
  <MockedParameters
    name="退職理由"
    value=""
  />
  <MockedParameters
    name="残有給休暇日数"
    value="0"
  />
</div>
`;
