// Jest Snapshot v1, https://goo.gl/fbAQLP

exports[`Snapshot test for ExportDialog 1`] = `
<MockedDialog
  TransitionComponent={
    Object {
      "$$typeof": Symbol(react.forward_ref),
      "render": [Function],
    }
  }
  aria-describedby="alert-dialog-slide-description"
  aria-labelledby="alert-dialog-slide-title"
  keepMounted={true}
  onClose={[Function]}
  open={true}
>
  <div
    className="MuiDialogTitle-root"
    id="alert-dialog-slide-title"
  >
    <h2
      className="MuiTypography-root MuiTypography-h6"
    >
      入力内容の確認
    </h2>
  </div>
  <div
    className="MuiDialogContent-root"
  >
    <MockedDisplayParameters />
  </div>
  <div
    className="MuiDialogActions-root makeStyles-buttonArea-1 MuiDialogActions-spacing"
  >
    <MockedExportDialogButtons
      handleClose={[Function]}
    />
  </div>
</MockedDialog>
`;
