// Jest Snapshot v1, https://goo.gl/fbAQLP

exports[`Snapshot test for ParametersConfirm 1`] = `
<div
  className="makeStyles-root-1"
>
  <MockedConfirmButton
    isDisable={false}
    onClickFunction={[Function]}
    text="確認"
  />
  <MockedExportDialog
    handleClose={[Function]}
    isOpen={false}
  />
</div>
`;
