// Jest Snapshot v1, https://goo.gl/fbAQLP

exports[`Snapshot test for PreviewDocxText 1`] = `
<div
  className="makeStyles-root-1"
>
  <MockedPreviewDocxTitle />
  <MockedPreviewDocxCompany
    companyName=""
    representativeDirector=""
  />
  <div
    className="makeStyles-body-2"
  >
    <MockedPreviewDocxBody
      dateOfRetirement="Invalid Date"
      reason=""
    />
  </div>
  <MockedPreviewDocxBottom
    dateOfNotification="Invalid Date"
    department=""
    name=""
  />
</div>
`;
